// Vitest Snapshot v1, https://vitest.dev/guide/snapshot.html

exports[`Page Not Found > renders the component successfully 1`] = `
<div
  class="flex flex-col items-center flex-1 p-8 space-y-6"
>
  <svg
    class="font-black w-36 h-36 text-primary-600 dark:text-primary-400"
    data-test="title"
    height="1.2em"
    viewBox="0 0 256 256"
    width="1.2em"
  >
    <path
      d="M240 112l-36 40H40a8 8 0 0 1-8-8V80a8 8 0 0 1 8-8h164z"
      fill="currentColor"
      opacity=".2"
    />
    <path
      d="M245.9 106.6l-36-40A8.1 8.1 0 0 0 204 64h-68V32a8 8 0 0 0-16 0v32H40a16 16 0 0 0-16 16v64a16 16 0 0 0 16 16h80v64a8 8 0 0 0 16 0v-64h68a8.1 8.1 0 0 0 5.9-2.6l36-40a8 8 0 0 0 0-10.8zM200.4 144H40V80h160.4l28.8 32z"
      fill="currentColor"
    />
  </svg>
  <div
    class="items-center mt-8 text-center text-gray-600 dark:text-gray-500"
  >
    <p
      class="text-2xl font-bold max-w-7xl"
    >
       We can't find the page you have requested. 
    </p>
    <p
      class="pt-4 text-lg"
      data-test="subtitle"
    >
       Double check the address and try again. If the issue persists please contact the service desk. 
    </p>
  </div>
  <div
    data-v-90422ccc=""
  >
    <router-link-stub
      custom=""
      data-v-90422ccc=""
      to="/projects"
    />
  </div>
</div>
`;
